Starting snow --chat with MCP and testing exit behavior...
Waiting 15 seconds for chat to initialize...
.>> 🎉 Welcome to Snowcode AI Assistant!
>> fatal: bad revision 'HEAD'
>> Error: cannot access local variable 'asyncio' where it is not associated with a value
..............
Sending Ctrl+C to terminate chat...
Waiting for process to exit...
Process exited with code: 1
✅ No subprocess cleanup errors detected in output!

Test result: PASS
